// Jest Snapshot v1, https://goo.gl/fbAQLP

exports[`<App /> renders 1`] = `
<div
  className="App home"
>
  <div
    className="content "
  >
    <div>
      <h1>
        Welcome Home!
      </h1>
    </div>
  </div>
</div>
`;
